START NEXT BIN
REQUIRE HOOK
REQUIRE COMMANDER
REQUIRE LOG
REQUIRE SEMVER
REQUIRE PICOCOLORS
REQUIRE FORMAT
REQUIRE CONSTANTS
REQUIRE UTILS
REQUIRE NEXT TEST
TEST REQUIRE 22
TEST REQUIRE 23
TEST REQUIRE 24
TEST REQUIRE 25
CONFIG REQUIRE 30
CONFIG REQUIRE 31
CONFIG REQUIRE 32
CONFIG REQUIRE 33
CONFIG REQUIRE 34
CONFIG REQUIRE 35
CONFIG REQUIRE 36
CONFIG REQUIRE 37
CONFIG REQUIRE 38
CONFIG REQUIRE 39
CONFIG REQUIRE 40
CONFIG REQUIRE 41
CONFIG REQUIRE 42
CONFIG REQUIRE 43
CONFIG REQUIRE 44
CONFIG REQUIRE 45
CONFIG REQUIRE 46
CONFIG REQUIRE 47
CONFIG REQUIRE 48
