MODULE 4651: looking for "/Users/pradeepyadav/Documents/Work/codereveals/Antigravity Projects/Instant-tool/node_modules/.bin/next" in ["/Users/pradeepyadav/.node_modules","/Users/pradeepyadav/.node_libraries","/Users/pradeepyadav/.nvm/versions/node/v22.22.3/lib/node"]
MODULE 4651: Module._load checking cache for /Users/pradeepyadav/Documents/Work/codereveals/Antigravity Projects/Instant-tool/node_modules/next/dist/bin/next false
MODULE 4651: load "/Users/pradeepyadav/Documents/Work/codereveals/Antigravity Projects/Instant-tool/node_modules/next/dist/bin/next" for module "."
MODULE 4651: Module._load REQUEST ../server/require-hook parent: .
MODULE 4651: RELATIVE: requested: ../server/require-hook from parent.id .
MODULE 4651: looking for ["/Users/pradeepyadav/Documents/Work/codereveals/Antigravity Projects/Instant-tool/node_modules/next/dist/bin"]
MODULE 4651: Module._load checking cache for /Users/pradeepyadav/Documents/Work/codereveals/Antigravity Projects/Instant-tool/node_modules/next/dist/server/require-hook.js false
MODULE 4651: load "/Users/pradeepyadav/Documents/Work/codereveals/Antigravity Projects/Instant-tool/node_modules/next/dist/server/require-hook.js" for module "/Users/pradeepyadav/Documents/Work/codereveals/Antigravity Projects/Instant-tool/node_modules/next/dist/server/require-hook.js"
MODULE 4651: Module._load REQUEST path parent: /Users/pradeepyadav/Documents/Work/codereveals/Antigravity Projects/Instant-tool/node_modules/next/dist/server/require-hook.js
MODULE 4651: Module._load checking cache for path false
MODULE 4651: load built-in module path
MODULE 4651: Module._load REQUEST module parent: /Users/pradeepyadav/Documents/Work/codereveals/Antigravity Projects/Instant-tool/node_modules/next/dist/server/require-hook.js
MODULE 4651: Module._load checking cache for module false
MODULE 4651: load built-in module module
MODULE 4651: looking for "styled-jsx/package.json" in ["/Users/pradeepyadav/Documents/Work/codereveals/Antigravity Projects/Instant-tool/node_modules/next/dist/server/node_modules","/Users/pradeepyadav/Documents/Work/codereveals/Antigravity Projects/Instant-tool/node_modules/next/dist/node_modules","/Users/pradeepyadav/Documents/Work/codereveals/Antigravity Projects/Instant-tool/node_modules/next/node_modules","/Users/pradeepyadav/Documents/Work/codereveals/Antigravity Projects/Instant-tool/node_modules","/Users/pradeepyadav/Documents/Work/codereveals/Antigravity Projects/node_modules","/Users/pradeepyadav/Documents/Work/codereveals/node_modules","/Users/pradeepyadav/Documents/Work/node_modules","/Users/pradeepyadav/Documents/node_modules","/Users/pradeepyadav/node_modules","/Users/node_modules","/node_modules","/Users/pradeepyadav/.node_modules","/Users/pradeepyadav/.node_libraries","/Users/pradeepyadav/.nvm/versions/node/v22.22.3/lib/node"]
MODULE 4651: looking for "styled-jsx/style" in ["/Users/pradeepyadav/Documents/Work/codereveals/Antigravity Projects/Instant-tool/node_modules/next/dist/server/node_modules","/Users/pradeepyadav/Documents/Work/codereveals/Antigravity Projects/Instant-tool/node_modules/next/dist/node_modules","/Users/pradeepyadav/Documents/Work/codereveals/Antigravity Projects/Instant-tool/node_modules/next/node_modules","/Users/pradeepyadav/Documents/Work/codereveals/Antigravity Projects/Instant-tool/node_modules","/Users/pradeepyadav/Documents/Work/codereveals/Antigravity Projects/node_modules","/Users/pradeepyadav/Documents/Work/codereveals/node_modules","/Users/pradeepyadav/Documents/Work/node_modules","/Users/pradeepyadav/Documents/node_modules","/Users/pradeepyadav/node_modules","/Users/node_modules","/node_modules","/Users/pradeepyadav/.node_modules","/Users/pradeepyadav/.node_libraries","/Users/pradeepyadav/.nvm/versions/node/v22.22.3/lib/node"]
MODULE 4651: looking for "styled-jsx/style" in ["/Users/pradeepyadav/Documents/Work/codereveals/Antigravity Projects/Instant-tool/node_modules/next/dist/server/node_modules","/Users/pradeepyadav/Documents/Work/codereveals/Antigravity Projects/Instant-tool/node_modules/next/dist/node_modules","/Users/pradeepyadav/Documents/Work/codereveals/Antigravity Projects/Instant-tool/node_modules/next/node_modules","/Users/pradeepyadav/Documents/Work/codereveals/Antigravity Projects/Instant-tool/node_modules","/Users/pradeepyadav/Documents/Work/codereveals/Antigravity Projects/node_modules","/Users/pradeepyadav/Documents/Work/codereveals/node_modules","/Users/pradeepyadav/Documents/Work/node_modules","/Users/pradeepyadav/Documents/node_modules","/Users/pradeepyadav/node_modules","/Users/node_modules","/node_modules","/Users/pradeepyadav/.node_modules","/Users/pradeepyadav/.node_libraries","/Users/pradeepyadav/.nvm/versions/node/v22.22.3/lib/node"]
MODULE 4651: looking for "/Users/pradeepyadav/Documents/Work/codereveals/Antigravity Projects/Instant-tool/node_modules/styled-jsx" in ["/Users/pradeepyadav/Documents/Work/codereveals/Antigravity Projects/Instant-tool/node_modules/next/dist/server/node_modules","/Users/pradeepyadav/Documents/Work/codereveals/Antigravity Projects/Instant-tool/node_modules/next/dist/node_modules","/Users/pradeepyadav/Documents/Work/codereveals/Antigravity Projects/Instant-tool/node_modules/next/node_modules","/Users/pradeepyadav/Documents/Work/codereveals/Antigravity Projects/Instant-tool/node_modules","/Users/pradeepyadav/Documents/Work/codereveals/Antigravity Projects/node_modules","/Users/pradeepyadav/Documents/Work/codereveals/node_modules","/Users/pradeepyadav/Documents/Work/node_modules","/Users/pradeepyadav/Documents/node_modules","/Users/pradeepyadav/node_modules","/Users/node_modules","/node_modules","/Users/pradeepyadav/.node_modules","/Users/pradeepyadav/.node_libraries","/Users/pradeepyadav/.nvm/versions/node/v22.22.3/lib/node"]
MODULE 4651: looking for "/Users/pradeepyadav/Documents/Work/codereveals/Antigravity Projects/Instant-tool/node_modules/styled-jsx/style.js" in ["/Users/pradeepyadav/Documents/Work/codereveals/Antigravity Projects/Instant-tool/node_modules/next/dist/server/node_modules","/Users/pradeepyadav/Documents/Work/codereveals/Antigravity Projects/Instant-tool/node_modules/next/dist/node_modules","/Users/pradeepyadav/Documents/Work/codereveals/Antigravity Projects/Instant-tool/node_modules/next/node_modules","/Users/pradeepyadav/Documents/Work/codereveals/Antigravity Projects/Instant-tool/node_modules","/Users/pradeepyadav/Documents/Work/codereveals/Antigravity Projects/node_modules","/Users/pradeepyadav/Documents/Work/codereveals/node_modules","/Users/pradeepyadav/Documents/Work/node_modules","/Users/pradeepyadav/Documents/node_modules","/Users/pradeepyadav/node_modules","/Users/node_modules","/node_modules","/Users/pradeepyadav/.node_modules","/Users/pradeepyadav/.node_libraries","/Users/pradeepyadav/.nvm/versions/node/v22.22.3/lib/node"]
MODULE 4651: looking for "/Users/pradeepyadav/Documents/Work/codereveals/Antigravity Projects/Instant-tool/node_modules/styled-jsx/style.js" in ["/Users/pradeepyadav/Documents/Work/codereveals/Antigravity Projects/Instant-tool/node_modules/next/dist/server/node_modules","/Users/pradeepyadav/Documents/Work/codereveals/Antigravity Projects/Instant-tool/node_modules/next/dist/node_modules","/Users/pradeepyadav/Documents/Work/codereveals/Antigravity Projects/Instant-tool/node_modules/next/node_modules","/Users/pradeepyadav/Documents/Work/codereveals/Antigravity Projects/Instant-tool/node_modules","/Users/pradeepyadav/Documents/Work/codereveals/Antigravity Projects/node_modules","/Users/pradeepyadav/Documents/Work/codereveals/node_modules","/Users/pradeepyadav/Documents/Work/node_modules","/Users/pradeepyadav/Documents/node_modules","/Users/pradeepyadav/node_modules","/Users/node_modules","/node_modules","/Users/pradeepyadav/.node_modules","/Users/pradeepyadav/.node_libraries","/Users/pradeepyadav/.nvm/versions/node/v22.22.3/lib/node"]
MODULE 4651: Module._load REQUEST next/dist/compiled/commander parent: .
MODULE 4651: looking for "next/dist/compiled/commander" in ["/Users/pradeepyadav/Documents/Work/codereveals/Antigravity Projects/Instant-tool/node_modules/next/dist/bin/node_modules","/Users/pradeepyadav/Documents/Work/codereveals/Antigravity Projects/Instant-tool/node_modules/next/dist/node_modules","/Users/pradeepyadav/Documents/Work/codereveals/Antigravity Projects/Instant-tool/node_modules/next/node_modules","/Users/pradeepyadav/Documents/Work/codereveals/Antigravity Projects/Instant-tool/node_modules","/Users/pradeepyadav/Documents/Work/codereveals/Antigravity Projects/node_modules","/Users/pradeepyadav/Documents/Work/codereveals/node_modules","/Users/pradeepyadav/Documents/Work/node_modules","/Users/pradeepyadav/Documents/node_modules","/Users/pradeepyadav/node_modules","/Users/node_modules","/node_modules","/Users/pradeepyadav/.node_modules","/Users/pradeepyadav/.node_libraries","/Users/pradeepyadav/.nvm/versions/node/v22.22.3/lib/node"]
MODULE 4651: Module._load checking cache for /Users/pradeepyadav/Documents/Work/codereveals/Antigravity Projects/Instant-tool/node_modules/next/dist/compiled/commander/index.js false
MODULE 4651: load "/Users/pradeepyadav/Documents/Work/codereveals/Antigravity Projects/Instant-tool/node_modules/next/dist/compiled/commander/index.js" for module "/Users/pradeepyadav/Documents/Work/codereveals/Antigravity Projects/Instant-tool/node_modules/next/dist/compiled/commander/index.js"
MODULE 4651: Module._load REQUEST node:events parent: /Users/pradeepyadav/Documents/Work/codereveals/Antigravity Projects/Instant-tool/node_modules/next/dist/compiled/commander/index.js
MODULE 4651: load built-in module events
MODULE 4651: Module._load REQUEST node:child_process parent: /Users/pradeepyadav/Documents/Work/codereveals/Antigravity Projects/Instant-tool/node_modules/next/dist/compiled/commander/index.js
MODULE 4651: load built-in module child_process
MODULE 4651: Module._load REQUEST node:path parent: /Users/pradeepyadav/Documents/Work/codereveals/Antigravity Projects/Instant-tool/node_modules/next/dist/compiled/commander/index.js
MODULE 4651: load built-in module path
MODULE 4651: Module._load REQUEST node:fs parent: /Users/pradeepyadav/Documents/Work/codereveals/Antigravity Projects/Instant-tool/node_modules/next/dist/compiled/commander/index.js
MODULE 4651: load built-in module fs
MODULE 4651: Module._load REQUEST node:process parent: /Users/pradeepyadav/Documents/Work/codereveals/Antigravity Projects/Instant-tool/node_modules/next/dist/compiled/commander/index.js
MODULE 4651: load built-in module process
MODULE 4651: Module._load REQUEST ../build/output/log parent: .
MODULE 4651: RELATIVE: requested: ../build/output/log from parent.id .
MODULE 4651: looking for ["/Users/pradeepyadav/Documents/Work/codereveals/Antigravity Projects/Instant-tool/node_modules/next/dist/bin"]
MODULE 4651: Module._load checking cache for /Users/pradeepyadav/Documents/Work/codereveals/Antigravity Projects/Instant-tool/node_modules/next/dist/build/output/log.js false
MODULE 4651: load "/Users/pradeepyadav/Documents/Work/codereveals/Antigravity Projects/Instant-tool/node_modules/next/dist/build/output/log.js" for module "/Users/pradeepyadav/Documents/Work/codereveals/Antigravity Projects/Instant-tool/node_modules/next/dist/build/output/log.js"
MODULE 4651: Module._load REQUEST ../../lib/picocolors parent: /Users/pradeepyadav/Documents/Work/codereveals/Antigravity Projects/Instant-tool/node_modules/next/dist/build/output/log.js
MODULE 4651: RELATIVE: requested: ../../lib/picocolors from parent.id /Users/pradeepyadav/Documents/Work/codereveals/Antigravity Projects/Instant-tool/node_modules/next/dist/build/output/log.js
MODULE 4651: looking for ["/Users/pradeepyadav/Documents/Work/codereveals/Antigravity Projects/Instant-tool/node_modules/next/dist/build/output"]
MODULE 4651: Module._load checking cache for /Users/pradeepyadav/Documents/Work/codereveals/Antigravity Projects/Instant-tool/node_modules/next/dist/lib/picocolors.js false
MODULE 4651: load "/Users/pradeepyadav/Documents/Work/codereveals/Antigravity Projects/Instant-tool/node_modules/next/dist/lib/picocolors.js" for module "/Users/pradeepyadav/Documents/Work/codereveals/Antigravity Projects/Instant-tool/node_modules/next/dist/lib/picocolors.js"
MODULE 4651: Module._load REQUEST ../../server/lib/lru-cache parent: /Users/pradeepyadav/Documents/Work/codereveals/Antigravity Projects/Instant-tool/node_modules/next/dist/build/output/log.js
MODULE 4651: RELATIVE: requested: ../../server/lib/lru-cache from parent.id /Users/pradeepyadav/Documents/Work/codereveals/Antigravity Projects/Instant-tool/node_modules/next/dist/build/output/log.js
MODULE 4651: looking for ["/Users/pradeepyadav/Documents/Work/codereveals/Antigravity Projects/Instant-tool/node_modules/next/dist/build/output"]
MODULE 4651: Module._load checking cache for /Users/pradeepyadav/Documents/Work/codereveals/Antigravity Projects/Instant-tool/node_modules/next/dist/server/lib/lru-cache.js false
MODULE 4651: load "/Users/pradeepyadav/Documents/Work/codereveals/Antigravity Projects/Instant-tool/node_modules/next/dist/server/lib/lru-cache.js" for module "/Users/pradeepyadav/Documents/Work/codereveals/Antigravity Projects/Instant-tool/node_modules/next/dist/server/lib/lru-cache.js"
MODULE 4651: Module._load REQUEST next/dist/compiled/semver parent: .
MODULE 4651: looking for "next/dist/compiled/semver" in ["/Users/pradeepyadav/Documents/Work/codereveals/Antigravity Projects/Instant-tool/node_modules/next/dist/bin/node_modules","/Users/pradeepyadav/Documents/Work/codereveals/Antigravity Projects/Instant-tool/node_modules/next/dist/node_modules","/Users/pradeepyadav/Documents/Work/codereveals/Antigravity Projects/Instant-tool/node_modules/next/node_modules","/Users/pradeepyadav/Documents/Work/codereveals/Antigravity Projects/Instant-tool/node_modules","/Users/pradeepyadav/Documents/Work/codereveals/Antigravity Projects/node_modules","/Users/pradeepyadav/Documents/Work/codereveals/node_modules","/Users/pradeepyadav/Documents/Work/node_modules","/Users/pradeepyadav/Documents/node_modules","/Users/pradeepyadav/node_modules","/Users/node_modules","/node_modules","/Users/pradeepyadav/.node_modules","/Users/pradeepyadav/.node_libraries","/Users/pradeepyadav/.nvm/versions/node/v22.22.3/lib/node"]
MODULE 4651: Module._load checking cache for /Users/pradeepyadav/Documents/Work/codereveals/Antigravity Projects/Instant-tool/node_modules/next/dist/compiled/semver/index.js false
MODULE 4651: load "/Users/pradeepyadav/Documents/Work/codereveals/Antigravity Projects/Instant-tool/node_modules/next/dist/compiled/semver/index.js" for module "/Users/pradeepyadav/Documents/Work/codereveals/Antigravity Projects/Instant-tool/node_modules/next/dist/compiled/semver/index.js"
MODULE 4651: Module._load REQUEST ../lib/picocolors parent: .
MODULE 4651: RELATIVE: requested: ../lib/picocolors from parent.id .
MODULE 4651: looking for ["/Users/pradeepyadav/Documents/Work/codereveals/Antigravity Projects/Instant-tool/node_modules/next/dist/bin"]
MODULE 4651: Module._load checking cache for /Users/pradeepyadav/Documents/Work/codereveals/Antigravity Projects/Instant-tool/node_modules/next/dist/lib/picocolors.js true
MODULE 4651: Module._load REQUEST ../lib/format-cli-help-output parent: .
MODULE 4651: RELATIVE: requested: ../lib/format-cli-help-output from parent.id .
MODULE 4651: looking for ["/Users/pradeepyadav/Documents/Work/codereveals/Antigravity Projects/Instant-tool/node_modules/next/dist/bin"]
MODULE 4651: Module._load checking cache for /Users/pradeepyadav/Documents/Work/codereveals/Antigravity Projects/Instant-tool/node_modules/next/dist/lib/format-cli-help-output.js false
MODULE 4651: load "/Users/pradeepyadav/Documents/Work/codereveals/Antigravity Projects/Instant-tool/node_modules/next/dist/lib/format-cli-help-output.js" for module "/Users/pradeepyadav/Documents/Work/codereveals/Antigravity Projects/Instant-tool/node_modules/next/dist/lib/format-cli-help-output.js"
MODULE 4651: Module._load REQUEST ../lib/picocolors parent: /Users/pradeepyadav/Documents/Work/codereveals/Antigravity Projects/Instant-tool/node_modules/next/dist/lib/format-cli-help-output.js
MODULE 4651: RELATIVE: requested: ../lib/picocolors from parent.id /Users/pradeepyadav/Documents/Work/codereveals/Antigravity Projects/Instant-tool/node_modules/next/dist/lib/format-cli-help-output.js
MODULE 4651: looking for ["/Users/pradeepyadav/Documents/Work/codereveals/Antigravity Projects/Instant-tool/node_modules/next/dist/lib"]
MODULE 4651: Module._load checking cache for /Users/pradeepyadav/Documents/Work/codereveals/Antigravity Projects/Instant-tool/node_modules/next/dist/lib/picocolors.js true
MODULE 4651: Module._load REQUEST ../lib/constants parent: .
MODULE 4651: RELATIVE: requested: ../lib/constants from parent.id .
MODULE 4651: looking for ["/Users/pradeepyadav/Documents/Work/codereveals/Antigravity Projects/Instant-tool/node_modules/next/dist/bin"]
MODULE 4651: Module._load checking cache for /Users/pradeepyadav/Documents/Work/codereveals/Antigravity Projects/Instant-tool/node_modules/next/dist/lib/constants.js false
MODULE 4651: load "/Users/pradeepyadav/Documents/Work/codereveals/Antigravity Projects/Instant-tool/node_modules/next/dist/lib/constants.js" for module "/Users/pradeepyadav/Documents/Work/codereveals/Antigravity Projects/Instant-tool/node_modules/next/dist/lib/constants.js"
MODULE 4651: Module._load REQUEST ../server/lib/utils parent: .
MODULE 4651: RELATIVE: requested: ../server/lib/utils from parent.id .
MODULE 4651: looking for ["/Users/pradeepyadav/Documents/Work/codereveals/Antigravity Projects/Instant-tool/node_modules/next/dist/bin"]
MODULE 4651: Module._load checking cache for /Users/pradeepyadav/Documents/Work/codereveals/Antigravity Projects/Instant-tool/node_modules/next/dist/server/lib/utils.js false
MODULE 4651: load "/Users/pradeepyadav/Documents/Work/codereveals/Antigravity Projects/Instant-tool/node_modules/next/dist/server/lib/utils.js" for module "/Users/pradeepyadav/Documents/Work/codereveals/Antigravity Projects/Instant-tool/node_modules/next/dist/server/lib/utils.js"
MODULE 4651: Module._load REQUEST node:util parent: /Users/pradeepyadav/Documents/Work/codereveals/Antigravity Projects/Instant-tool/node_modules/next/dist/server/lib/utils.js
MODULE 4651: load built-in module util
MODULE 4651: Module._load REQUEST next/dist/compiled/commander parent: /Users/pradeepyadav/Documents/Work/codereveals/Antigravity Projects/Instant-tool/node_modules/next/dist/server/lib/utils.js
MODULE 4651: looking for "next/dist/compiled/commander" in ["/Users/pradeepyadav/Documents/Work/codereveals/Antigravity Projects/Instant-tool/node_modules/next/dist/server/lib/node_modules","/Users/pradeepyadav/Documents/Work/codereveals/Antigravity Projects/Instant-tool/node_modules/next/dist/server/node_modules","/Users/pradeepyadav/Documents/Work/codereveals/Antigravity Projects/Instant-tool/node_modules/next/dist/node_modules","/Users/pradeepyadav/Documents/Work/codereveals/Antigravity Projects/Instant-tool/node_modules/next/node_modules","/Users/pradeepyadav/Documents/Work/codereveals/Antigravity Projects/Instant-tool/node_modules","/Users/pradeepyadav/Documents/Work/codereveals/Antigravity Projects/node_modules","/Users/pradeepyadav/Documents/Work/codereveals/node_modules","/Users/pradeepyadav/Documents/Work/node_modules","/Users/pradeepyadav/Documents/node_modules","/Users/pradeepyadav/node_modules","/Users/node_modules","/node_modules","/Users/pradeepyadav/.node_modules","/Users/pradeepyadav/.node_libraries","/Users/pradeepyadav/.nvm/versions/node/v22.22.3/lib/node"]
MODULE 4651: Module._load checking cache for /Users/pradeepyadav/Documents/Work/codereveals/Antigravity Projects/Instant-tool/node_modules/next/dist/compiled/commander/index.js true
MODULE 4651: Module._load REQUEST ../cli/next-test.js parent: .
MODULE 4651: RELATIVE: requested: ../cli/next-test.js from parent.id .
MODULE 4651: looking for ["/Users/pradeepyadav/Documents/Work/codereveals/Antigravity Projects/Instant-tool/node_modules/next/dist/bin"]
MODULE 4651: Module._load checking cache for /Users/pradeepyadav/Documents/Work/codereveals/Antigravity Projects/Instant-tool/node_modules/next/dist/cli/next-test.js false
MODULE 4651: load "/Users/pradeepyadav/Documents/Work/codereveals/Antigravity Projects/Instant-tool/node_modules/next/dist/cli/next-test.js" for module "/Users/pradeepyadav/Documents/Work/codereveals/Antigravity Projects/Instant-tool/node_modules/next/dist/cli/next-test.js"
MODULE 4651: Module._load REQUEST fs parent: /Users/pradeepyadav/Documents/Work/codereveals/Antigravity Projects/Instant-tool/node_modules/next/dist/cli/next-test.js
MODULE 4651: Module._load checking cache for fs false
MODULE 4651: load built-in module fs
MODULE 4651: Module._load REQUEST ../lib/get-project-dir parent: /Users/pradeepyadav/Documents/Work/codereveals/Antigravity Projects/Instant-tool/node_modules/next/dist/cli/next-test.js
MODULE 4651: RELATIVE: requested: ../lib/get-project-dir from parent.id /Users/pradeepyadav/Documents/Work/codereveals/Antigravity Projects/Instant-tool/node_modules/next/dist/cli/next-test.js
MODULE 4651: looking for ["/Users/pradeepyadav/Documents/Work/codereveals/Antigravity Projects/Instant-tool/node_modules/next/dist/cli"]
MODULE 4651: Module._load checking cache for /Users/pradeepyadav/Documents/Work/codereveals/Antigravity Projects/Instant-tool/node_modules/next/dist/lib/get-project-dir.js false
MODULE 4651: load "/Users/pradeepyadav/Documents/Work/codereveals/Antigravity Projects/Instant-tool/node_modules/next/dist/lib/get-project-dir.js" for module "/Users/pradeepyadav/Documents/Work/codereveals/Antigravity Projects/Instant-tool/node_modules/next/dist/lib/get-project-dir.js"
MODULE 4651: Module._load REQUEST path parent: /Users/pradeepyadav/Documents/Work/codereveals/Antigravity Projects/Instant-tool/node_modules/next/dist/lib/get-project-dir.js
MODULE 4651: Module._load checking cache for path false
MODULE 4651: load built-in module path
MODULE 4651: Module._load REQUEST ../build/output/log parent: /Users/pradeepyadav/Documents/Work/codereveals/Antigravity Projects/Instant-tool/node_modules/next/dist/lib/get-project-dir.js
MODULE 4651: RELATIVE: requested: ../build/output/log from parent.id /Users/pradeepyadav/Documents/Work/codereveals/Antigravity Projects/Instant-tool/node_modules/next/dist/lib/get-project-dir.js
MODULE 4651: looking for ["/Users/pradeepyadav/Documents/Work/codereveals/Antigravity Projects/Instant-tool/node_modules/next/dist/lib"]
MODULE 4651: Module._load checking cache for /Users/pradeepyadav/Documents/Work/codereveals/Antigravity Projects/Instant-tool/node_modules/next/dist/build/output/log.js true
MODULE 4651: Module._load REQUEST ./detect-typo parent: /Users/pradeepyadav/Documents/Work/codereveals/Antigravity Projects/Instant-tool/node_modules/next/dist/lib/get-project-dir.js
MODULE 4651: RELATIVE: requested: ./detect-typo from parent.id /Users/pradeepyadav/Documents/Work/codereveals/Antigravity Projects/Instant-tool/node_modules/next/dist/lib/get-project-dir.js
MODULE 4651: looking for ["/Users/pradeepyadav/Documents/Work/codereveals/Antigravity Projects/Instant-tool/node_modules/next/dist/lib"]
MODULE 4651: Module._load checking cache for /Users/pradeepyadav/Documents/Work/codereveals/Antigravity Projects/Instant-tool/node_modules/next/dist/lib/detect-typo.js false
MODULE 4651: load "/Users/pradeepyadav/Documents/Work/codereveals/Antigravity Projects/Instant-tool/node_modules/next/dist/lib/detect-typo.js" for module "/Users/pradeepyadav/Documents/Work/codereveals/Antigravity Projects/Instant-tool/node_modules/next/dist/lib/detect-typo.js"
MODULE 4651: Module._load REQUEST ./realpath parent: /Users/pradeepyadav/Documents/Work/codereveals/Antigravity Projects/Instant-tool/node_modules/next/dist/lib/get-project-dir.js
MODULE 4651: RELATIVE: requested: ./realpath from parent.id /Users/pradeepyadav/Documents/Work/codereveals/Antigravity Projects/Instant-tool/node_modules/next/dist/lib/get-project-dir.js
MODULE 4651: looking for ["/Users/pradeepyadav/Documents/Work/codereveals/Antigravity Projects/Instant-tool/node_modules/next/dist/lib"]
MODULE 4651: Module._load checking cache for /Users/pradeepyadav/Documents/Work/codereveals/Antigravity Projects/Instant-tool/node_modules/next/dist/lib/realpath.js false
MODULE 4651: load "/Users/pradeepyadav/Documents/Work/codereveals/Antigravity Projects/Instant-tool/node_modules/next/dist/lib/realpath.js" for module "/Users/pradeepyadav/Documents/Work/codereveals/Antigravity Projects/Instant-tool/node_modules/next/dist/lib/realpath.js"
MODULE 4651: Module._load REQUEST fs parent: /Users/pradeepyadav/Documents/Work/codereveals/Antigravity Projects/Instant-tool/node_modules/next/dist/lib/realpath.js
MODULE 4651: Module._load checking cache for fs false
MODULE 4651: load built-in module fs
MODULE 4651: Module._load REQUEST ../server/lib/utils parent: /Users/pradeepyadav/Documents/Work/codereveals/Antigravity Projects/Instant-tool/node_modules/next/dist/lib/get-project-dir.js
MODULE 4651: RELATIVE: requested: ../server/lib/utils from parent.id /Users/pradeepyadav/Documents/Work/codereveals/Antigravity Projects/Instant-tool/node_modules/next/dist/lib/get-project-dir.js
MODULE 4651: looking for ["/Users/pradeepyadav/Documents/Work/codereveals/Antigravity Projects/Instant-tool/node_modules/next/dist/lib"]
MODULE 4651: Module._load checking cache for /Users/pradeepyadav/Documents/Work/codereveals/Antigravity Projects/Instant-tool/node_modules/next/dist/server/lib/utils.js true
MODULE 4651: Module._load REQUEST ../server/lib/utils parent: /Users/pradeepyadav/Documents/Work/codereveals/Antigravity Projects/Instant-tool/node_modules/next/dist/cli/next-test.js
MODULE 4651: RELATIVE: requested: ../server/lib/utils from parent.id /Users/pradeepyadav/Documents/Work/codereveals/Antigravity Projects/Instant-tool/node_modules/next/dist/cli/next-test.js
MODULE 4651: looking for ["/Users/pradeepyadav/Documents/Work/codereveals/Antigravity Projects/Instant-tool/node_modules/next/dist/cli"]
MODULE 4651: Module._load checking cache for /Users/pradeepyadav/Documents/Work/codereveals/Antigravity Projects/Instant-tool/node_modules/next/dist/server/lib/utils.js true
MODULE 4651: Module._load REQUEST ../server/config parent: /Users/pradeepyadav/Documents/Work/codereveals/Antigravity Projects/Instant-tool/node_modules/next/dist/cli/next-test.js
MODULE 4651: RELATIVE: requested: ../server/config from parent.id /Users/pradeepyadav/Documents/Work/codereveals/Antigravity Projects/Instant-tool/node_modules/next/dist/cli/next-test.js
MODULE 4651: looking for ["/Users/pradeepyadav/Documents/Work/codereveals/Antigravity Projects/Instant-tool/node_modules/next/dist/cli"]
MODULE 4651: Module._load checking cache for /Users/pradeepyadav/Documents/Work/codereveals/Antigravity Projects/Instant-tool/node_modules/next/dist/server/config.js false
MODULE 4651: load "/Users/pradeepyadav/Documents/Work/codereveals/Antigravity Projects/Instant-tool/node_modules/next/dist/server/config.js" for module "/Users/pradeepyadav/Documents/Work/codereveals/Antigravity Projects/Instant-tool/node_modules/next/dist/server/config.js"
MODULE 4651: Module._load REQUEST fs parent: /Users/pradeepyadav/Documents/Work/codereveals/Antigravity Projects/Instant-tool/node_modules/next/dist/server/config.js
MODULE 4651: Module._load checking cache for fs false
MODULE 4651: load built-in module fs
MODULE 4651: Module._load REQUEST path parent: /Users/pradeepyadav/Documents/Work/codereveals/Antigravity Projects/Instant-tool/node_modules/next/dist/server/config.js
MODULE 4651: Module._load checking cache for path false
MODULE 4651: load built-in module path
MODULE 4651: Module._load REQUEST url parent: /Users/pradeepyadav/Documents/Work/codereveals/Antigravity Projects/Instant-tool/node_modules/next/dist/server/config.js
MODULE 4651: Module._load checking cache for url false
MODULE 4651: load built-in module url
MODULE 4651: Module._load REQUEST next/dist/compiled/find-up parent: /Users/pradeepyadav/Documents/Work/codereveals/Antigravity Projects/Instant-tool/node_modules/next/dist/server/config.js
MODULE 4651: looking for "next/dist/compiled/find-up" in ["/Users/pradeepyadav/Documents/Work/codereveals/Antigravity Projects/Instant-tool/node_modules/next/dist/server/node_modules","/Users/pradeepyadav/Documents/Work/codereveals/Antigravity Projects/Instant-tool/node_modules/next/dist/node_modules","/Users/pradeepyadav/Documents/Work/codereveals/Antigravity Projects/Instant-tool/node_modules/next/node_modules","/Users/pradeepyadav/Documents/Work/codereveals/Antigravity Projects/Instant-tool/node_modules","/Users/pradeepyadav/Documents/Work/codereveals/Antigravity Projects/node_modules","/Users/pradeepyadav/Documents/Work/codereveals/node_modules","/Users/pradeepyadav/Documents/Work/node_modules","/Users/pradeepyadav/Documents/node_modules","/Users/pradeepyadav/node_modules","/Users/node_modules","/node_modules","/Users/pradeepyadav/.node_modules","/Users/pradeepyadav/.node_libraries","/Users/pradeepyadav/.nvm/versions/node/v22.22.3/lib/node"]
MODULE 4651: Module._load checking cache for /Users/pradeepyadav/Documents/Work/codereveals/Antigravity Projects/Instant-tool/node_modules/next/dist/compiled/find-up/index.js false
MODULE 4651: load "/Users/pradeepyadav/Documents/Work/codereveals/Antigravity Projects/Instant-tool/node_modules/next/dist/compiled/find-up/index.js" for module "/Users/pradeepyadav/Documents/Work/codereveals/Antigravity Projects/Instant-tool/node_modules/next/dist/compiled/find-up/index.js"
MODULE 4651: Module._load REQUEST path parent: /Users/pradeepyadav/Documents/Work/codereveals/Antigravity Projects/Instant-tool/node_modules/next/dist/compiled/find-up/index.js
MODULE 4651: Module._load checking cache for path false
MODULE 4651: load built-in module path
MODULE 4651: Module._load REQUEST fs parent: /Users/pradeepyadav/Documents/Work/codereveals/Antigravity Projects/Instant-tool/node_modules/next/dist/compiled/find-up/index.js
MODULE 4651: Module._load checking cache for fs false
MODULE 4651: load built-in module fs
MODULE 4651: Module._load REQUEST util parent: /Users/pradeepyadav/Documents/Work/codereveals/Antigravity Projects/Instant-tool/node_modules/next/dist/compiled/find-up/index.js
MODULE 4651: Module._load checking cache for util false
MODULE 4651: load built-in module util
MODULE 4651: Module._load REQUEST next/dist/compiled/p-limit parent: /Users/pradeepyadav/Documents/Work/codereveals/Antigravity Projects/Instant-tool/node_modules/next/dist/compiled/find-up/index.js
MODULE 4651: looking for "next/dist/compiled/p-limit" in ["/Users/pradeepyadav/Documents/Work/codereveals/Antigravity Projects/Instant-tool/node_modules/next/dist/compiled/find-up/node_modules","/Users/pradeepyadav/Documents/Work/codereveals/Antigravity Projects/Instant-tool/node_modules/next/dist/compiled/node_modules","/Users/pradeepyadav/Documents/Work/codereveals/Antigravity Projects/Instant-tool/node_modules/next/dist/node_modules","/Users/pradeepyadav/Documents/Work/codereveals/Antigravity Projects/Instant-tool/node_modules/next/node_modules","/Users/pradeepyadav/Documents/Work/codereveals/Antigravity Projects/Instant-tool/node_modules","/Users/pradeepyadav/Documents/Work/codereveals/Antigravity Projects/node_modules","/Users/pradeepyadav/Documents/Work/codereveals/node_modules","/Users/pradeepyadav/Documents/Work/node_modules","/Users/pradeepyadav/Documents/node_modules","/Users/pradeepyadav/node_modules","/Users/node_modules","/node_modules","/Users/pradeepyadav/.node_modules","/Users/pradeepyadav/.node_libraries","/Users/pradeepyadav/.nvm/versions/node/v22.22.3/lib/node"]
MODULE 4651: Module._load checking cache for /Users/pradeepyadav/Documents/Work/codereveals/Antigravity Projects/Instant-tool/node_modules/next/dist/compiled/p-limit/index.js false
MODULE 4651: load "/Users/pradeepyadav/Documents/Work/codereveals/Antigravity Projects/Instant-tool/node_modules/next/dist/compiled/p-limit/index.js" for module "/Users/pradeepyadav/Documents/Work/codereveals/Antigravity Projects/Instant-tool/node_modules/next/dist/compiled/p-limit/index.js"
MODULE 4651: Module._load REQUEST ../build/output/log parent: /Users/pradeepyadav/Documents/Work/codereveals/Antigravity Projects/Instant-tool/node_modules/next/dist/server/config.js
MODULE 4651: RELATIVE: requested: ../build/output/log from parent.id /Users/pradeepyadav/Documents/Work/codereveals/Antigravity Projects/Instant-tool/node_modules/next/dist/server/config.js
MODULE 4651: looking for ["/Users/pradeepyadav/Documents/Work/codereveals/Antigravity Projects/Instant-tool/node_modules/next/dist/server"]
MODULE 4651: Module._load checking cache for /Users/pradeepyadav/Documents/Work/codereveals/Antigravity Projects/Instant-tool/node_modules/next/dist/build/output/log.js true
MODULE 4651: Module._load REQUEST ../server/ci-info parent: /Users/pradeepyadav/Documents/Work/codereveals/Antigravity Projects/Instant-tool/node_modules/next/dist/server/config.js
MODULE 4651: RELATIVE: requested: ../server/ci-info from parent.id /Users/pradeepyadav/Documents/Work/codereveals/Antigravity Projects/Instant-tool/node_modules/next/dist/server/config.js
MODULE 4651: looking for ["/Users/pradeepyadav/Documents/Work/codereveals/Antigravity Projects/Instant-tool/node_modules/next/dist/server"]
MODULE 4651: Module._load checking cache for /Users/pradeepyadav/Documents/Work/codereveals/Antigravity Projects/Instant-tool/node_modules/next/dist/server/ci-info.js false
MODULE 4651: load "/Users/pradeepyadav/Documents/Work/codereveals/Antigravity Projects/Instant-tool/node_modules/next/dist/server/ci-info.js" for module "/Users/pradeepyadav/Documents/Work/codereveals/Antigravity Projects/Instant-tool/node_modules/next/dist/server/ci-info.js"
MODULE 4651: Module._load REQUEST next/dist/compiled/ci-info parent: /Users/pradeepyadav/Documents/Work/codereveals/Antigravity Projects/Instant-tool/node_modules/next/dist/server/ci-info.js
MODULE 4651: looking for "next/dist/compiled/ci-info" in ["/Users/pradeepyadav/Documents/Work/codereveals/Antigravity Projects/Instant-tool/node_modules/next/dist/server/node_modules","/Users/pradeepyadav/Documents/Work/codereveals/Antigravity Projects/Instant-tool/node_modules/next/dist/node_modules","/Users/pradeepyadav/Documents/Work/codereveals/Antigravity Projects/Instant-tool/node_modules/next/node_modules","/Users/pradeepyadav/Documents/Work/codereveals/Antigravity Projects/Instant-tool/node_modules","/Users/pradeepyadav/Documents/Work/codereveals/Antigravity Projects/node_modules","/Users/pradeepyadav/Documents/Work/codereveals/node_modules","/Users/pradeepyadav/Documents/Work/node_modules","/Users/pradeepyadav/Documents/node_modules","/Users/pradeepyadav/node_modules","/Users/node_modules","/node_modules","/Users/pradeepyadav/.node_modules","/Users/pradeepyadav/.node_libraries","/Users/pradeepyadav/.nvm/versions/node/v22.22.3/lib/node"]
MODULE 4651: Module._load checking cache for /Users/pradeepyadav/Documents/Work/codereveals/Antigravity Projects/Instant-tool/node_modules/next/dist/compiled/ci-info/index.js false
MODULE 4651: load "/Users/pradeepyadav/Documents/Work/codereveals/Antigravity Projects/Instant-tool/node_modules/next/dist/compiled/ci-info/index.js" for module "/Users/pradeepyadav/Documents/Work/codereveals/Antigravity Projects/Instant-tool/node_modules/next/dist/compiled/ci-info/index.js"
MODULE 4651: Module._load REQUEST ../shared/lib/constants parent: /Users/pradeepyadav/Documents/Work/codereveals/Antigravity Projects/Instant-tool/node_modules/next/dist/server/config.js
MODULE 4651: RELATIVE: requested: ../shared/lib/constants from parent.id /Users/pradeepyadav/Documents/Work/codereveals/Antigravity Projects/Instant-tool/node_modules/next/dist/server/config.js
MODULE 4651: looking for ["/Users/pradeepyadav/Documents/Work/codereveals/Antigravity Projects/Instant-tool/node_modules/next/dist/server"]
MODULE 4651: Module._load checking cache for /Users/pradeepyadav/Documents/Work/codereveals/Antigravity Projects/Instant-tool/node_modules/next/dist/shared/lib/constants.js false
MODULE 4651: load "/Users/pradeepyadav/Documents/Work/codereveals/Antigravity Projects/Instant-tool/node_modules/next/dist/shared/lib/constants.js" for module "/Users/pradeepyadav/Documents/Work/codereveals/Antigravity Projects/Instant-tool/node_modules/next/dist/shared/lib/constants.js"
MODULE 4651: Module._load REQUEST @swc/helpers/_/_interop_require_default parent: /Users/pradeepyadav/Documents/Work/codereveals/Antigravity Projects/Instant-tool/node_modules/next/dist/shared/lib/constants.js
MODULE 4651: looking for "@swc/helpers/_/_interop_require_default" in ["/Users/pradeepyadav/Documents/Work/codereveals/Antigravity Projects/Instant-tool/node_modules/next/dist/shared/lib/node_modules","/Users/pradeepyadav/Documents/Work/codereveals/Antigravity Projects/Instant-tool/node_modules/next/dist/shared/node_modules","/Users/pradeepyadav/Documents/Work/codereveals/Antigravity Projects/Instant-tool/node_modules/next/dist/node_modules","/Users/pradeepyadav/Documents/Work/codereveals/Antigravity Projects/Instant-tool/node_modules/next/node_modules","/Users/pradeepyadav/Documents/Work/codereveals/Antigravity Projects/Instant-tool/node_modules","/Users/pradeepyadav/Documents/Work/codereveals/Antigravity Projects/node_modules","/Users/pradeepyadav/Documents/Work/codereveals/node_modules","/Users/pradeepyadav/Documents/Work/node_modules","/Users/pradeepyadav/Documents/node_modules","/Users/pradeepyadav/node_modules","/Users/node_modules","/node_modules","/Users/pradeepyadav/.node_modules","/Users/pradeepyadav/.node_libraries","/Users/pradeepyadav/.nvm/versions/node/v22.22.3/lib/node"]
MODULE 4651: Module._load checking cache for /Users/pradeepyadav/Documents/Work/codereveals/Antigravity Projects/Instant-tool/node_modules/@swc/helpers/cjs/_interop_require_default.cjs false
MODULE 4651: load "/Users/pradeepyadav/Documents/Work/codereveals/Antigravity Projects/Instant-tool/node_modules/@swc/helpers/cjs/_interop_require_default.cjs" for module "/Users/pradeepyadav/Documents/Work/codereveals/Antigravity Projects/Instant-tool/node_modules/@swc/helpers/cjs/_interop_require_default.cjs"
MODULE 4651: Module._load REQUEST ./modern-browserslist-target parent: /Users/pradeepyadav/Documents/Work/codereveals/Antigravity Projects/Instant-tool/node_modules/next/dist/shared/lib/constants.js
MODULE 4651: RELATIVE: requested: ./modern-browserslist-target from parent.id /Users/pradeepyadav/Documents/Work/codereveals/Antigravity Projects/Instant-tool/node_modules/next/dist/shared/lib/constants.js
MODULE 4651: looking for ["/Users/pradeepyadav/Documents/Work/codereveals/Antigravity Projects/Instant-tool/node_modules/next/dist/shared/lib"]
MODULE 4651: Module._load checking cache for /Users/pradeepyadav/Documents/Work/codereveals/Antigravity Projects/Instant-tool/node_modules/next/dist/shared/lib/modern-browserslist-target.js false
MODULE 4651: load "/Users/pradeepyadav/Documents/Work/codereveals/Antigravity Projects/Instant-tool/node_modules/next/dist/shared/lib/modern-browserslist-target.js" for module "/Users/pradeepyadav/Documents/Work/codereveals/Antigravity Projects/Instant-tool/node_modules/next/dist/shared/lib/modern-browserslist-target.js"
MODULE 4651: Module._load REQUEST ./entry-constants parent: /Users/pradeepyadav/Documents/Work/codereveals/Antigravity Projects/Instant-tool/node_modules/next/dist/shared/lib/constants.js
MODULE 4651: RELATIVE: requested: ./entry-constants from parent.id /Users/pradeepyadav/Documents/Work/codereveals/Antigravity Projects/Instant-tool/node_modules/next/dist/shared/lib/constants.js
MODULE 4651: looking for ["/Users/pradeepyadav/Documents/Work/codereveals/Antigravity Projects/Instant-tool/node_modules/next/dist/shared/lib"]
MODULE 4651: Module._load checking cache for /Users/pradeepyadav/Documents/Work/codereveals/Antigravity Projects/Instant-tool/node_modules/next/dist/shared/lib/entry-constants.js false
MODULE 4651: load "/Users/pradeepyadav/Documents/Work/codereveals/Antigravity Projects/Instant-tool/node_modules/next/dist/shared/lib/entry-constants.js" for module "/Users/pradeepyadav/Documents/Work/codereveals/Antigravity Projects/Instant-tool/node_modules/next/dist/shared/lib/entry-constants.js"
MODULE 4651: Module._load REQUEST ./config-shared parent: /Users/pradeepyadav/Documents/Work/codereveals/Antigravity Projects/Instant-tool/node_modules/next/dist/server/config.js
MODULE 4651: RELATIVE: requested: ./config-shared from parent.id /Users/pradeepyadav/Documents/Work/codereveals/Antigravity Projects/Instant-tool/node_modules/next/dist/server/config.js
MODULE 4651: looking for ["/Users/pradeepyadav/Documents/Work/codereveals/Antigravity Projects/Instant-tool/node_modules/next/dist/server"]
MODULE 4651: Module._load checking cache for /Users/pradeepyadav/Documents/Work/codereveals/Antigravity Projects/Instant-tool/node_modules/next/dist/server/config-shared.js false
MODULE 4651: load "/Users/pradeepyadav/Documents/Work/codereveals/Antigravity Projects/Instant-tool/node_modules/next/dist/server/config-shared.js" for module "/Users/pradeepyadav/Documents/Work/codereveals/Antigravity Projects/Instant-tool/node_modules/next/dist/server/config-shared.js"
MODULE 4651: Module._load REQUEST os parent: /Users/pradeepyadav/Documents/Work/codereveals/Antigravity Projects/Instant-tool/node_modules/next/dist/server/config-shared.js
MODULE 4651: Module._load checking cache for os false
MODULE 4651: load built-in module os
MODULE 4651: Module._load REQUEST ../shared/lib/image-config parent: /Users/pradeepyadav/Documents/Work/codereveals/Antigravity Projects/Instant-tool/node_modules/next/dist/server/config-shared.js
MODULE 4651: RELATIVE: requested: ../shared/lib/image-config from parent.id /Users/pradeepyadav/Documents/Work/codereveals/Antigravity Projects/Instant-tool/node_modules/next/dist/server/config-shared.js
MODULE 4651: looking for ["/Users/pradeepyadav/Documents/Work/codereveals/Antigravity Projects/Instant-tool/node_modules/next/dist/server"]
MODULE 4651: Module._load checking cache for /Users/pradeepyadav/Documents/Work/codereveals/Antigravity Projects/Instant-tool/node_modules/next/dist/shared/lib/image-config.js false
MODULE 4651: load "/Users/pradeepyadav/Documents/Work/codereveals/Antigravity Projects/Instant-tool/node_modules/next/dist/shared/lib/image-config.js" for module "/Users/pradeepyadav/Documents/Work/codereveals/Antigravity Projects/Instant-tool/node_modules/next/dist/shared/lib/image-config.js"
MODULE 4651: Module._load REQUEST ../lib/constants parent: /Users/pradeepyadav/Documents/Work/codereveals/Antigravity Projects/Instant-tool/node_modules/next/dist/server/config-shared.js
MODULE 4651: RELATIVE: requested: ../lib/constants from parent.id /Users/pradeepyadav/Documents/Work/codereveals/Antigravity Projects/Instant-tool/node_modules/next/dist/server/config-shared.js
MODULE 4651: looking for ["/Users/pradeepyadav/Documents/Work/codereveals/Antigravity Projects/Instant-tool/node_modules/next/dist/server"]
MODULE 4651: Module._load checking cache for /Users/pradeepyadav/Documents/Work/codereveals/Antigravity Projects/Instant-tool/node_modules/next/dist/lib/constants.js true
MODULE 4651: Module._load REQUEST ../shared/lib/errors/canary-only-config-error parent: /Users/pradeepyadav/Documents/Work/codereveals/Antigravity Projects/Instant-tool/node_modules/next/dist/server/config-shared.js
MODULE 4651: RELATIVE: requested: ../shared/lib/errors/canary-only-config-error from parent.id /Users/pradeepyadav/Documents/Work/codereveals/Antigravity Projects/Instant-tool/node_modules/next/dist/server/config-shared.js
MODULE 4651: looking for ["/Users/pradeepyadav/Documents/Work/codereveals/Antigravity Projects/Instant-tool/node_modules/next/dist/server"]
MODULE 4651: Module._load checking cache for /Users/pradeepyadav/Documents/Work/codereveals/Antigravity Projects/Instant-tool/node_modules/next/dist/shared/lib/errors/canary-only-config-error.js false
MODULE 4651: load "/Users/pradeepyadav/Documents/Work/codereveals/Antigravity Projects/Instant-tool/node_modules/next/dist/shared/lib/errors/canary-only-config-error.js" for module "/Users/pradeepyadav/Documents/Work/codereveals/Antigravity Projects/Instant-tool/node_modules/next/dist/shared/lib/errors/canary-only-config-error.js"
MODULE 4651: Module._load REQUEST ../shared/lib/size-limit parent: /Users/pradeepyadav/Documents/Work/codereveals/Antigravity Projects/Instant-tool/node_modules/next/dist/server/config-shared.js
MODULE 4651: RELATIVE: requested: ../shared/lib/size-limit from parent.id /Users/pradeepyadav/Documents/Work/codereveals/Antigravity Projects/Instant-tool/node_modules/next/dist/server/config-shared.js
MODULE 4651: looking for ["/Users/pradeepyadav/Documents/Work/codereveals/Antigravity Projects/Instant-tool/node_modules/next/dist/server"]
MODULE 4651: Module._load checking cache for /Users/pradeepyadav/Documents/Work/codereveals/Antigravity Projects/Instant-tool/node_modules/next/dist/shared/lib/size-limit.js false
MODULE 4651: load "/Users/pradeepyadav/Documents/Work/codereveals/Antigravity Projects/Instant-tool/node_modules/next/dist/shared/lib/size-limit.js" for module "/Users/pradeepyadav/Documents/Work/codereveals/Antigravity Projects/Instant-tool/node_modules/next/dist/shared/lib/size-limit.js"
MODULE 4651: Module._load REQUEST ./config-utils parent: /Users/pradeepyadav/Documents/Work/codereveals/Antigravity Projects/Instant-tool/node_modules/next/dist/server/config.js
MODULE 4651: RELATIVE: requested: ./config-utils from parent.id /Users/pradeepyadav/Documents/Work/codereveals/Antigravity Projects/Instant-tool/node_modules/next/dist/server/config.js
MODULE 4651: looking for ["/Users/pradeepyadav/Documents/Work/codereveals/Antigravity Projects/Instant-tool/node_modules/next/dist/server"]
MODULE 4651: Module._load checking cache for /Users/pradeepyadav/Documents/Work/codereveals/Antigravity Projects/Instant-tool/node_modules/next/dist/server/config-utils.js false
MODULE 4651: load "/Users/pradeepyadav/Documents/Work/codereveals/Antigravity Projects/Instant-tool/node_modules/next/dist/server/config-utils.js" for module "/Users/pradeepyadav/Documents/Work/codereveals/Antigravity Projects/Instant-tool/node_modules/next/dist/server/config-utils.js"
MODULE 4651: Module._load REQUEST ../shared/lib/image-config parent: /Users/pradeepyadav/Documents/Work/codereveals/Antigravity Projects/Instant-tool/node_modules/next/dist/server/config.js
MODULE 4651: Module._load REQUEST @next/env parent: /Users/pradeepyadav/Documents/Work/codereveals/Antigravity Projects/Instant-tool/node_modules/next/dist/server/config.js
MODULE 4651: looking for "@next/env" in ["/Users/pradeepyadav/Documents/Work/codereveals/Antigravity Projects/Instant-tool/node_modules/next/dist/server/node_modules","/Users/pradeepyadav/Documents/Work/codereveals/Antigravity Projects/Instant-tool/node_modules/next/dist/node_modules","/Users/pradeepyadav/Documents/Work/codereveals/Antigravity Projects/Instant-tool/node_modules/next/node_modules","/Users/pradeepyadav/Documents/Work/codereveals/Antigravity Projects/Instant-tool/node_modules","/Users/pradeepyadav/Documents/Work/codereveals/Antigravity Projects/node_modules","/Users/pradeepyadav/Documents/Work/codereveals/node_modules","/Users/pradeepyadav/Documents/Work/node_modules","/Users/pradeepyadav/Documents/node_modules","/Users/pradeepyadav/node_modules","/Users/node_modules","/node_modules","/Users/pradeepyadav/.node_modules","/Users/pradeepyadav/.node_libraries","/Users/pradeepyadav/.nvm/versions/node/v22.22.3/lib/node"]
MODULE 4651: Module._load checking cache for /Users/pradeepyadav/Documents/Work/codereveals/Antigravity Projects/Instant-tool/node_modules/@next/env/dist/index.js false
MODULE 4651: load "/Users/pradeepyadav/Documents/Work/codereveals/Antigravity Projects/Instant-tool/node_modules/@next/env/dist/index.js" for module "/Users/pradeepyadav/Documents/Work/codereveals/Antigravity Projects/Instant-tool/node_modules/@next/env/dist/index.js"
MODULE 4651: Module._load REQUEST fs parent: /Users/pradeepyadav/Documents/Work/codereveals/Antigravity Projects/Instant-tool/node_modules/@next/env/dist/index.js
MODULE 4651: Module._load checking cache for fs false
MODULE 4651: load built-in module fs
MODULE 4651: Module._load REQUEST path parent: /Users/pradeepyadav/Documents/Work/codereveals/Antigravity Projects/Instant-tool/node_modules/@next/env/dist/index.js
MODULE 4651: Module._load checking cache for path false
MODULE 4651: load built-in module path
MODULE 4651: Module._load REQUEST os parent: /Users/pradeepyadav/Documents/Work/codereveals/Antigravity Projects/Instant-tool/node_modules/@next/env/dist/index.js
MODULE 4651: Module._load checking cache for os false
MODULE 4651: load built-in module os
MODULE 4651: Module._load REQUEST crypto parent: /Users/pradeepyadav/Documents/Work/codereveals/Antigravity Projects/Instant-tool/node_modules/@next/env/dist/index.js
MODULE 4651: Module._load checking cache for crypto false
MODULE 4651: load built-in module crypto
MODULE 4651: Module._load REQUEST ../telemetry/flush-telemetry parent: /Users/pradeepyadav/Documents/Work/codereveals/Antigravity Projects/Instant-tool/node_modules/next/dist/server/config.js
MODULE 4651: RELATIVE: requested: ../telemetry/flush-telemetry from parent.id /Users/pradeepyadav/Documents/Work/codereveals/Antigravity Projects/Instant-tool/node_modules/next/dist/server/config.js
MODULE 4651: looking for ["/Users/pradeepyadav/Documents/Work/codereveals/Antigravity Projects/Instant-tool/node_modules/next/dist/server"]
MODULE 4651: Module._load checking cache for /Users/pradeepyadav/Documents/Work/codereveals/Antigravity Projects/Instant-tool/node_modules/next/dist/telemetry/flush-telemetry.js false
MODULE 4651: load "/Users/pradeepyadav/Documents/Work/codereveals/Antigravity Projects/Instant-tool/node_modules/next/dist/telemetry/flush-telemetry.js" for module "/Users/pradeepyadav/Documents/Work/codereveals/Antigravity Projects/Instant-tool/node_modules/next/dist/telemetry/flush-telemetry.js"
MODULE 4651: Module._load REQUEST ../trace/shared parent: /Users/pradeepyadav/Documents/Work/codereveals/Antigravity Projects/Instant-tool/node_modules/next/dist/telemetry/flush-telemetry.js
MODULE 4651: RELATIVE: requested: ../trace/shared from parent.id /Users/pradeepyadav/Documents/Work/codereveals/Antigravity Projects/Instant-tool/node_modules/next/dist/telemetry/flush-telemetry.js
MODULE 4651: looking for ["/Users/pradeepyadav/Documents/Work/codereveals/Antigravity Projects/Instant-tool/node_modules/next/dist/telemetry"]
MODULE 4651: Module._load checking cache for /Users/pradeepyadav/Documents/Work/codereveals/Antigravity Projects/Instant-tool/node_modules/next/dist/trace/shared.js false
MODULE 4651: load "/Users/pradeepyadav/Documents/Work/codereveals/Antigravity Projects/Instant-tool/node_modules/next/dist/trace/shared.js" for module "/Users/pradeepyadav/Documents/Work/codereveals/Antigravity Projects/Instant-tool/node_modules/next/dist/trace/shared.js"
MODULE 4651: Module._load REQUEST node:crypto parent: /Users/pradeepyadav/Documents/Work/codereveals/Antigravity Projects/Instant-tool/node_modules/next/dist/trace/shared.js
MODULE 4651: load built-in module crypto
MODULE 4651: Module._load REQUEST ../lib/find-root parent: /Users/pradeepyadav/Documents/Work/codereveals/Antigravity Projects/Instant-tool/node_modules/next/dist/server/config.js
MODULE 4651: RELATIVE: requested: ../lib/find-root from parent.id /Users/pradeepyadav/Documents/Work/codereveals/Antigravity Projects/Instant-tool/node_modules/next/dist/server/config.js
MODULE 4651: looking for ["/Users/pradeepyadav/Documents/Work/codereveals/Antigravity Projects/Instant-tool/node_modules/next/dist/server"]
MODULE 4651: Module._load checking cache for /Users/pradeepyadav/Documents/Work/codereveals/Antigravity Projects/Instant-tool/node_modules/next/dist/lib/find-root.js false
MODULE 4651: load "/Users/pradeepyadav/Documents/Work/codereveals/Antigravity Projects/Instant-tool/node_modules/next/dist/lib/find-root.js" for module "/Users/pradeepyadav/Documents/Work/codereveals/Antigravity Projects/Instant-tool/node_modules/next/dist/lib/find-root.js"
MODULE 4651: Module._load REQUEST path parent: /Users/pradeepyadav/Documents/Work/codereveals/Antigravity Projects/Instant-tool/node_modules/next/dist/lib/find-root.js
MODULE 4651: Module._load checking cache for path false
MODULE 4651: load built-in module path
MODULE 4651: Module._load REQUEST next/dist/compiled/find-up parent: /Users/pradeepyadav/Documents/Work/codereveals/Antigravity Projects/Instant-tool/node_modules/next/dist/lib/find-root.js
MODULE 4651: looking for "next/dist/compiled/find-up" in ["/Users/pradeepyadav/Documents/Work/codereveals/Antigravity Projects/Instant-tool/node_modules/next/dist/lib/node_modules","/Users/pradeepyadav/Documents/Work/codereveals/Antigravity Projects/Instant-tool/node_modules/next/dist/node_modules","/Users/pradeepyadav/Documents/Work/codereveals/Antigravity Projects/Instant-tool/node_modules/next/node_modules","/Users/pradeepyadav/Documents/Work/codereveals/Antigravity Projects/Instant-tool/node_modules","/Users/pradeepyadav/Documents/Work/codereveals/Antigravity Projects/node_modules","/Users/pradeepyadav/Documents/Work/codereveals/node_modules","/Users/pradeepyadav/Documents/Work/node_modules","/Users/pradeepyadav/Documents/node_modules","/Users/pradeepyadav/node_modules","/Users/node_modules","/node_modules","/Users/pradeepyadav/.node_modules","/Users/pradeepyadav/.node_libraries","/Users/pradeepyadav/.nvm/versions/node/v22.22.3/lib/node"]
MODULE 4651: Module._load checking cache for /Users/pradeepyadav/Documents/Work/codereveals/Antigravity Projects/Instant-tool/node_modules/next/dist/compiled/find-up/index.js true
MODULE 4651: Module._load REQUEST ../build/output/log parent: /Users/pradeepyadav/Documents/Work/codereveals/Antigravity Projects/Instant-tool/node_modules/next/dist/lib/find-root.js
MODULE 4651: RELATIVE: requested: ../build/output/log from parent.id /Users/pradeepyadav/Documents/Work/codereveals/Antigravity Projects/Instant-tool/node_modules/next/dist/lib/find-root.js
MODULE 4651: looking for ["/Users/pradeepyadav/Documents/Work/codereveals/Antigravity Projects/Instant-tool/node_modules/next/dist/lib"]
MODULE 4651: Module._load checking cache for /Users/pradeepyadav/Documents/Work/codereveals/Antigravity Projects/Instant-tool/node_modules/next/dist/build/output/log.js true
MODULE 4651: Module._load REQUEST ./setup-http-agent-env parent: /Users/pradeepyadav/Documents/Work/codereveals/Antigravity Projects/Instant-tool/node_modules/next/dist/server/config.js
MODULE 4651: RELATIVE: requested: ./setup-http-agent-env from parent.id /Users/pradeepyadav/Documents/Work/codereveals/Antigravity Projects/Instant-tool/node_modules/next/dist/server/config.js
MODULE 4651: looking for ["/Users/pradeepyadav/Documents/Work/codereveals/Antigravity Projects/Instant-tool/node_modules/next/dist/server"]
MODULE 4651: Module._load checking cache for /Users/pradeepyadav/Documents/Work/codereveals/Antigravity Projects/Instant-tool/node_modules/next/dist/server/setup-http-agent-env.js false
MODULE 4651: load "/Users/pradeepyadav/Documents/Work/codereveals/Antigravity Projects/Instant-tool/node_modules/next/dist/server/setup-http-agent-env.js" for module "/Users/pradeepyadav/Documents/Work/codereveals/Antigravity Projects/Instant-tool/node_modules/next/dist/server/setup-http-agent-env.js"
MODULE 4651: Module._load REQUEST http parent: /Users/pradeepyadav/Documents/Work/codereveals/Antigravity Projects/Instant-tool/node_modules/next/dist/server/setup-http-agent-env.js
MODULE 4651: Module._load checking cache for http false
MODULE 4651: load built-in module http
MODULE 4651: Module._load REQUEST https parent: /Users/pradeepyadav/Documents/Work/codereveals/Antigravity Projects/Instant-tool/node_modules/next/dist/server/setup-http-agent-env.js
MODULE 4651: Module._load checking cache for https false
MODULE 4651: load built-in module https
MODULE 4651: Module._load REQUEST ../shared/lib/router/utils/path-has-prefix parent: /Users/pradeepyadav/Documents/Work/codereveals/Antigravity Projects/Instant-tool/node_modules/next/dist/server/config.js
MODULE 4651: RELATIVE: requested: ../shared/lib/router/utils/path-has-prefix from parent.id /Users/pradeepyadav/Documents/Work/codereveals/Antigravity Projects/Instant-tool/node_modules/next/dist/server/config.js
MODULE 4651: looking for ["/Users/pradeepyadav/Documents/Work/codereveals/Antigravity Projects/Instant-tool/node_modules/next/dist/server"]
MODULE 4651: Module._load checking cache for /Users/pradeepyadav/Documents/Work/codereveals/Antigravity Projects/Instant-tool/node_modules/next/dist/shared/lib/router/utils/path-has-prefix.js false
MODULE 4651: load "/Users/pradeepyadav/Documents/Work/codereveals/Antigravity Projects/Instant-tool/node_modules/next/dist/shared/lib/router/utils/path-has-prefix.js" for module "/Users/pradeepyadav/Documents/Work/codereveals/Antigravity Projects/Instant-tool/node_modules/next/dist/shared/lib/router/utils/path-has-prefix.js"
MODULE 4651: Module._load REQUEST ./parse-path parent: /Users/pradeepyadav/Documents/Work/codereveals/Antigravity Projects/Instant-tool/node_modules/next/dist/shared/lib/router/utils/path-has-prefix.js
MODULE 4651: RELATIVE: requested: ./parse-path from parent.id /Users/pradeepyadav/Documents/Work/codereveals/Antigravity Projects/Instant-tool/node_modules/next/dist/shared/lib/router/utils/path-has-prefix.js
MODULE 4651: looking for ["/Users/pradeepyadav/Documents/Work/codereveals/Antigravity Projects/Instant-tool/node_modules/next/dist/shared/lib/router/utils"]
MODULE 4651: Module._load checking cache for /Users/pradeepyadav/Documents/Work/codereveals/Antigravity Projects/Instant-tool/node_modules/next/dist/shared/lib/router/utils/parse-path.js false
MODULE 4651: load "/Users/pradeepyadav/Documents/Work/codereveals/Antigravity Projects/Instant-tool/node_modules/next/dist/shared/lib/router/utils/parse-path.js" for module "/Users/pradeepyadav/Documents/Work/codereveals/Antigravity Projects/Instant-tool/node_modules/next/dist/shared/lib/router/utils/parse-path.js"
MODULE 4651: Module._load REQUEST ../shared/lib/match-remote-pattern parent: /Users/pradeepyadav/Documents/Work/codereveals/Antigravity Projects/Instant-tool/node_modules/next/dist/server/config.js
MODULE 4651: RELATIVE: requested: ../shared/lib/match-remote-pattern from parent.id /Users/pradeepyadav/Documents/Work/codereveals/Antigravity Projects/Instant-tool/node_modules/next/dist/server/config.js
MODULE 4651: looking for ["/Users/pradeepyadav/Documents/Work/codereveals/Antigravity Projects/Instant-tool/node_modules/next/dist/server"]
MODULE 4651: Module._load checking cache for /Users/pradeepyadav/Documents/Work/codereveals/Antigravity Projects/Instant-tool/node_modules/next/dist/shared/lib/match-remote-pattern.js false
MODULE 4651: load "/Users/pradeepyadav/Documents/Work/codereveals/Antigravity Projects/Instant-tool/node_modules/next/dist/shared/lib/match-remote-pattern.js" for module "/Users/pradeepyadav/Documents/Work/codereveals/Antigravity Projects/Instant-tool/node_modules/next/dist/shared/lib/match-remote-pattern.js"
MODULE 4651: Module._load REQUEST next/dist/compiled/picomatch parent: /Users/pradeepyadav/Documents/Work/codereveals/Antigravity Projects/Instant-tool/node_modules/next/dist/shared/lib/match-remote-pattern.js
MODULE 4651: looking for "next/dist/compiled/picomatch" in ["/Users/pradeepyadav/Documents/Work/codereveals/Antigravity Projects/Instant-tool/node_modules/next/dist/shared/lib/node_modules","/Users/pradeepyadav/Documents/Work/codereveals/Antigravity Projects/Instant-tool/node_modules/next/dist/shared/node_modules","/Users/pradeepyadav/Documents/Work/codereveals/Antigravity Projects/Instant-tool/node_modules/next/dist/node_modules","/Users/pradeepyadav/Documents/Work/codereveals/Antigravity Projects/Instant-tool/node_modules/next/node_modules","/Users/pradeepyadav/Documents/Work/codereveals/Antigravity Projects/Instant-tool/node_modules","/Users/pradeepyadav/Documents/Work/codereveals/Antigravity Projects/node_modules","/Users/pradeepyadav/Documents/Work/codereveals/node_modules","/Users/pradeepyadav/Documents/Work/node_modules","/Users/pradeepyadav/Documents/node_modules","/Users/pradeepyadav/node_modules","/Users/node_modules","/node_modules","/Users/pradeepyadav/.node_modules","/Users/pradeepyadav/.node_libraries","/Users/pradeepyadav/.nvm/versions/node/v22.22.3/lib/node"]
MODULE 4651: Module._load checking cache for /Users/pradeepyadav/Documents/Work/codereveals/Antigravity Projects/Instant-tool/node_modules/next/dist/compiled/picomatch/index.js false
MODULE 4651: load "/Users/pradeepyadav/Documents/Work/codereveals/Antigravity Projects/Instant-tool/node_modules/next/dist/compiled/picomatch/index.js" for module "/Users/pradeepyadav/Documents/Work/codereveals/Antigravity Projects/Instant-tool/node_modules/next/dist/compiled/picomatch/index.js"
MODULE 4651: Module._load REQUEST ../build/next-config-ts/transpile-config parent: /Users/pradeepyadav/Documents/Work/codereveals/Antigravity Projects/Instant-tool/node_modules/next/dist/server/config.js
MODULE 4651: RELATIVE: requested: ../build/next-config-ts/transpile-config from parent.id /Users/pradeepyadav/Documents/Work/codereveals/Antigravity Projects/Instant-tool/node_modules/next/dist/server/config.js
MODULE 4651: looking for ["/Users/pradeepyadav/Documents/Work/codereveals/Antigravity Projects/Instant-tool/node_modules/next/dist/server"]
MODULE 4651: Module._load checking cache for /Users/pradeepyadav/Documents/Work/codereveals/Antigravity Projects/Instant-tool/node_modules/next/dist/build/next-config-ts/transpile-config.js false
MODULE 4651: load "/Users/pradeepyadav/Documents/Work/codereveals/Antigravity Projects/Instant-tool/node_modules/next/dist/build/next-config-ts/transpile-config.js" for module "/Users/pradeepyadav/Documents/Work/codereveals/Antigravity Projects/Instant-tool/node_modules/next/dist/build/next-config-ts/transpile-config.js"
MODULE 4651: Module._load REQUEST node:path parent: /Users/pradeepyadav/Documents/Work/codereveals/Antigravity Projects/Instant-tool/node_modules/next/dist/build/next-config-ts/transpile-config.js
MODULE 4651: load built-in module path
MODULE 4651: Module._load REQUEST node:fs parent: /Users/pradeepyadav/Documents/Work/codereveals/Antigravity Projects/Instant-tool/node_modules/next/dist/build/next-config-ts/transpile-config.js
MODULE 4651: load built-in module fs
MODULE 4651: Module._load REQUEST node:url parent: /Users/pradeepyadav/Documents/Work/codereveals/Antigravity Projects/Instant-tool/node_modules/next/dist/build/next-config-ts/transpile-config.js
MODULE 4651: load built-in module url
MODULE 4651: Module._load REQUEST next/dist/compiled/comment-json parent: /Users/pradeepyadav/Documents/Work/codereveals/Antigravity Projects/Instant-tool/node_modules/next/dist/build/next-config-ts/transpile-config.js
MODULE 4651: looking for "next/dist/compiled/comment-json" in ["/Users/pradeepyadav/Documents/Work/codereveals/Antigravity Projects/Instant-tool/node_modules/next/dist/build/next-config-ts/node_modules","/Users/pradeepyadav/Documents/Work/codereveals/Antigravity Projects/Instant-tool/node_modules/next/dist/build/node_modules","/Users/pradeepyadav/Documents/Work/codereveals/Antigravity Projects/Instant-tool/node_modules/next/dist/node_modules","/Users/pradeepyadav/Documents/Work/codereveals/Antigravity Projects/Instant-tool/node_modules/next/node_modules","/Users/pradeepyadav/Documents/Work/codereveals/Antigravity Projects/Instant-tool/node_modules","/Users/pradeepyadav/Documents/Work/codereveals/Antigravity Projects/node_modules","/Users/pradeepyadav/Documents/Work/codereveals/node_modules","/Users/pradeepyadav/Documents/Work/node_modules","/Users/pradeepyadav/Documents/node_modules","/Users/pradeepyadav/node_modules","/Users/node_modules","/node_modules","/Users/pradeepyadav/.node_modules","/Users/pradeepyadav/.node_libraries","/Users/pradeepyadav/.nvm/versions/node/v22.22.3/lib/node"]
MODULE 4651: Module._load checking cache for /Users/pradeepyadav/Documents/Work/codereveals/Antigravity Projects/Instant-tool/node_modules/next/dist/compiled/comment-json/index.js false
MODULE 4651: load "/Users/pradeepyadav/Documents/Work/codereveals/Antigravity Projects/Instant-tool/node_modules/next/dist/compiled/comment-json/index.js" for module "/Users/pradeepyadav/Documents/Work/codereveals/Antigravity Projects/Instant-tool/node_modules/next/dist/compiled/comment-json/index.js"
MODULE 4651: Module._load REQUEST ./require-hook parent: /Users/pradeepyadav/Documents/Work/codereveals/Antigravity Projects/Instant-tool/node_modules/next/dist/build/next-config-ts/transpile-config.js
MODULE 4651: RELATIVE: requested: ./require-hook from parent.id /Users/pradeepyadav/Documents/Work/codereveals/Antigravity Projects/Instant-tool/node_modules/next/dist/build/next-config-ts/transpile-config.js
MODULE 4651: looking for ["/Users/pradeepyadav/Documents/Work/codereveals/Antigravity Projects/Instant-tool/node_modules/next/dist/build/next-config-ts"]
MODULE 4651: Module._load checking cache for /Users/pradeepyadav/Documents/Work/codereveals/Antigravity Projects/Instant-tool/node_modules/next/dist/build/next-config-ts/require-hook.js false
MODULE 4651: load "/Users/pradeepyadav/Documents/Work/codereveals/Antigravity Projects/Instant-tool/node_modules/next/dist/build/next-config-ts/require-hook.js" for module "/Users/pradeepyadav/Documents/Work/codereveals/Antigravity Projects/Instant-tool/node_modules/next/dist/build/next-config-ts/require-hook.js"
MODULE 4651: Module._load REQUEST node:module parent: /Users/pradeepyadav/Documents/Work/codereveals/Antigravity Projects/Instant-tool/node_modules/next/dist/build/next-config-ts/require-hook.js
MODULE 4651: load built-in module module
MODULE 4651: Module._load REQUEST node:fs parent: /Users/pradeepyadav/Documents/Work/codereveals/Antigravity Projects/Instant-tool/node_modules/next/dist/build/next-config-ts/require-hook.js
MODULE 4651: load built-in module fs
MODULE 4651: Module._load REQUEST node:path parent: /Users/pradeepyadav/Documents/Work/codereveals/Antigravity Projects/Instant-tool/node_modules/next/dist/build/next-config-ts/require-hook.js
MODULE 4651: load built-in module path
MODULE 4651: Module._load REQUEST ../output/log parent: /Users/pradeepyadav/Documents/Work/codereveals/Antigravity Projects/Instant-tool/node_modules/next/dist/build/next-config-ts/transpile-config.js
MODULE 4651: RELATIVE: requested: ../output/log from parent.id /Users/pradeepyadav/Documents/Work/codereveals/Antigravity Projects/Instant-tool/node_modules/next/dist/build/next-config-ts/transpile-config.js
MODULE 4651: looking for ["/Users/pradeepyadav/Documents/Work/codereveals/Antigravity Projects/Instant-tool/node_modules/next/dist/build/next-config-ts"]
MODULE 4651: Module._load checking cache for /Users/pradeepyadav/Documents/Work/codereveals/Antigravity Projects/Instant-tool/node_modules/next/dist/build/output/log.js true
MODULE 4651: Module._load REQUEST ../../server/lib/utils parent: /Users/pradeepyadav/Documents/Work/codereveals/Antigravity Projects/Instant-tool/node_modules/next/dist/build/next-config-ts/transpile-config.js
MODULE 4651: RELATIVE: requested: ../../server/lib/utils from parent.id /Users/pradeepyadav/Documents/Work/codereveals/Antigravity Projects/Instant-tool/node_modules/next/dist/build/next-config-ts/transpile-config.js
MODULE 4651: looking for ["/Users/pradeepyadav/Documents/Work/codereveals/Antigravity Projects/Instant-tool/node_modules/next/dist/build/next-config-ts"]
MODULE 4651: Module._load checking cache for /Users/pradeepyadav/Documents/Work/codereveals/Antigravity Projects/Instant-tool/node_modules/next/dist/server/lib/utils.js true
MODULE 4651: Module._load REQUEST ../shared/lib/dset parent: /Users/pradeepyadav/Documents/Work/codereveals/Antigravity Projects/Instant-tool/node_modules/next/dist/server/config.js
MODULE 4651: RELATIVE: requested: ../shared/lib/dset from parent.id /Users/pradeepyadav/Documents/Work/codereveals/Antigravity Projects/Instant-tool/node_modules/next/dist/server/config.js
MODULE 4651: looking for ["/Users/pradeepyadav/Documents/Work/codereveals/Antigravity Projects/Instant-tool/node_modules/next/dist/server"]
MODULE 4651: Module._load checking cache for /Users/pradeepyadav/Documents/Work/codereveals/Antigravity Projects/Instant-tool/node_modules/next/dist/shared/lib/dset.js false
MODULE 4651: load "/Users/pradeepyadav/Documents/Work/codereveals/Antigravity Projects/Instant-tool/node_modules/next/dist/shared/lib/dset.js" for module "/Users/pradeepyadav/Documents/Work/codereveals/Antigravity Projects/Instant-tool/node_modules/next/dist/shared/lib/dset.js"
MODULE 4651: Module._load REQUEST ../shared/lib/zod parent: /Users/pradeepyadav/Documents/Work/codereveals/Antigravity Projects/Instant-tool/node_modules/next/dist/server/config.js
MODULE 4651: RELATIVE: requested: ../shared/lib/zod from parent.id /Users/pradeepyadav/Documents/Work/codereveals/Antigravity Projects/Instant-tool/node_modules/next/dist/server/config.js
MODULE 4651: looking for ["/Users/pradeepyadav/Documents/Work/codereveals/Antigravity Projects/Instant-tool/node_modules/next/dist/server"]
MODULE 4651: Module._load checking cache for /Users/pradeepyadav/Documents/Work/codereveals/Antigravity Projects/Instant-tool/node_modules/next/dist/shared/lib/zod.js false
MODULE 4651: load "/Users/pradeepyadav/Documents/Work/codereveals/Antigravity Projects/Instant-tool/node_modules/next/dist/shared/lib/zod.js" for module "/Users/pradeepyadav/Documents/Work/codereveals/Antigravity Projects/Instant-tool/node_modules/next/dist/shared/lib/zod.js"
MODULE 4651: Module._load REQUEST @swc/helpers/_/_interop_require_wildcard parent: /Users/pradeepyadav/Documents/Work/codereveals/Antigravity Projects/Instant-tool/node_modules/next/dist/shared/lib/zod.js
MODULE 4651: looking for "@swc/helpers/_/_interop_require_wildcard" in ["/Users/pradeepyadav/Documents/Work/codereveals/Antigravity Projects/Instant-tool/node_modules/next/dist/shared/lib/node_modules","/Users/pradeepyadav/Documents/Work/codereveals/Antigravity Projects/Instant-tool/node_modules/next/dist/shared/node_modules","/Users/pradeepyadav/Documents/Work/codereveals/Antigravity Projects/Instant-tool/node_modules/next/dist/node_modules","/Users/pradeepyadav/Documents/Work/codereveals/Antigravity Projects/Instant-tool/node_modules/next/node_modules","/Users/pradeepyadav/Documents/Work/codereveals/Antigravity Projects/Instant-tool/node_modules","/Users/pradeepyadav/Documents/Work/codereveals/Antigravity Projects/node_modules","/Users/pradeepyadav/Documents/Work/codereveals/node_modules","/Users/pradeepyadav/Documents/Work/node_modules","/Users/pradeepyadav/Documents/node_modules","/Users/pradeepyadav/node_modules","/Users/node_modules","/node_modules","/Users/pradeepyadav/.node_modules","/Users/pradeepyadav/.node_libraries","/Users/pradeepyadav/.nvm/versions/node/v22.22.3/lib/node"]
MODULE 4651: Module._load checking cache for /Users/pradeepyadav/Documents/Work/codereveals/Antigravity Projects/Instant-tool/node_modules/@swc/helpers/cjs/_interop_require_wildcard.cjs false
MODULE 4651: load "/Users/pradeepyadav/Documents/Work/codereveals/Antigravity Projects/Instant-tool/node_modules/@swc/helpers/cjs/_interop_require_wildcard.cjs" for module "/Users/pradeepyadav/Documents/Work/codereveals/Antigravity Projects/Instant-tool/node_modules/@swc/helpers/cjs/_interop_require_wildcard.cjs"
MODULE 4651: Module._load REQUEST next/dist/compiled/zod parent: /Users/pradeepyadav/Documents/Work/codereveals/Antigravity Projects/Instant-tool/node_modules/next/dist/shared/lib/zod.js
MODULE 4651: looking for "next/dist/compiled/zod" in ["/Users/pradeepyadav/Documents/Work/codereveals/Antigravity Projects/Instant-tool/node_modules/next/dist/shared/lib/node_modules","/Users/pradeepyadav/Documents/Work/codereveals/Antigravity Projects/Instant-tool/node_modules/next/dist/shared/node_modules","/Users/pradeepyadav/Documents/Work/codereveals/Antigravity Projects/Instant-tool/node_modules/next/dist/node_modules","/Users/pradeepyadav/Documents/Work/codereveals/Antigravity Projects/Instant-tool/node_modules/next/node_modules","/Users/pradeepyadav/Documents/Work/codereveals/Antigravity Projects/Instant-tool/node_modules","/Users/pradeepyadav/Documents/Work/codereveals/Antigravity Projects/node_modules","/Users/pradeepyadav/Documents/Work/codereveals/node_modules","/Users/pradeepyadav/Documents/Work/node_modules","/Users/pradeepyadav/Documents/node_modules","/Users/pradeepyadav/node_modules","/Users/node_modules","/node_modules","/Users/pradeepyadav/.node_modules","/Users/pradeepyadav/.node_libraries","/Users/pradeepyadav/.nvm/versions/node/v22.22.3/lib/node"]
