node:internal/modules/cjs/loader:1433
  throw err;
  ^

Error: Cannot find module './node_modules/next/dist/compiled/cross-spawn/foo.json'
Require stack:
- /Users/pradeepyadav/Documents/Work/codereveals/Antigravity Projects/Instant-tool/[eval]
    at Function._resolveFilename (node:internal/modules/cjs/loader:1430:15)
    at defaultResolveImpl (node:internal/modules/cjs/loader:1040:19)
    at resolveForCJSWithHooks (node:internal/modules/cjs/loader:1045:22)
    at Function._load (node:internal/modules/cjs/loader:1216:25)
    at wrapModuleLoad (node:internal/modules/cjs/loader:254:19)
    at Module.require (node:internal/modules/cjs/loader:1527:12)
    at require (node:internal/modules/helpers:147:16)
    at [eval]:1:1
    at runScriptInThisContext (node:internal/vm:209:10)
    at node:internal/process/execution:446:12 {
  code: 'MODULE_NOT_FOUND',
  requireStack: [
    '/Users/pradeepyadav/Documents/Work/codereveals/Antigravity Projects/Instant-tool/[eval]'
  ]
}

Node.js v22.22.3
